Detecting CXX compiler ABI info failed to compile with the following output:
Change Dir: /home/li/myproject/mymuduo/build/CMakeFiles/CMakeTmp

Run Build Command(s):/usr/bin/gmake -f Makefile cmTC_873af/fast && /usr/bin/gmake  -f CMakeFiles/cmTC_873af.dir/build.make CMakeFiles/cmTC_873af.dir/build
gmake[1]: Entering directory '/home/li/myproject/mymuduo/build/CMakeFiles/CMakeTmp'
Building CXX object CMakeFiles/cmTC_873af.dir/CMakeCXXCompilerABI.cpp.o
/mnt/d/VSCode_cpp_compiler/mingw64/bin/g++.exe   -v -o CMakeFiles/cmTC_873af.dir/CMakeCXXCompilerABI.cpp.o -c /usr/share/cmake-3.22/Modules/CMakeCXXCompilerABI.cpp
Using built-in specs.
COLLECT_GCC=g++.exe
Target: x86_64-w64-mingw32
Configured with: ../../../src/gcc-15.2.0/configure --host=x86_64-w64-mingw32 --build=x86_64-w64-mingw32 --target=x86_64-w64-mingw32 --prefix=/mingw64 --with-sysroot=/c/buildroot/x86_64-1520-posix-seh-ucrt-rt_v13-rev1/mingw64 --enable-host-shared --disable-multilib --enable-languages=c,c++,fortran,lto --enable-libstdcxx-time=yes --enable-threads=posix --enable-libgomp --enable-libatomic --enable-lto --enable-graphite --enable-checking=release --enable-mingw-wildcard --enable-fully-dynamic-string --enable-version-specific-runtime-libs --enable-libstdcxx-filesystem-ts=yes --disable-libssp --disable-libstdcxx-pch --disable-libstdcxx-debug --enable-bootstrap --disable-rpath --disable-win32-registry --disable-nls --disable-werror --disable-symvers --with-gnu-as --with-gnu-ld --with-arch=nocona --with-tune=core2 --with-libiconv --with-system-zlib --with-gmp=/c/buildroot/prerequisites/x86_64-w64-mingw32-static --with-mpfr=/c/buildroot/prerequisites/x86_64-w64-mingw32-static --with-mpc=/c/buildroot/prerequisites/x86_64-w64-mingw32-static --with-isl=/c/buildroot/prerequisites/x86_64-w64-mingw32-static --with-pkgversion='x86_64-posix-seh-rev1, Built by MinGW-Builds project' --with-bugurl=https://github.com/niXman/mingw-builds LD_FOR_TARGET=/c/buildroot/x86_64-1520-posix-seh-ucrt-rt_v13-rev1/mingw64/bin/ld.exe --with-boot-ldflags='-pipe -fno-ident -L/c/buildroot/x86_64-1520-posix-seh-ucrt-rt_v13-rev1/mingw64/opt/lib -L/c/buildroot/prerequisites/x86_64-zlib-static/lib -L/c/buildroot/prerequisites/x86_64-w64-mingw32-static/lib  -Wl,--disable-dynamicbase -static-libstdc++ -static-libgcc'
Thread model: posix
Supported LTO compression algorithms: zlib
gcc version 15.2.0 (x86_64-posix-seh-rev1, Built by MinGW-Builds project) 
COLLECT_GCC_OPTIONS='-v' '-o' 'CMakeFiles/cmTC_873af.dir/CMakeCXXCompilerABI.cpp.o' '-c' '-shared-libgcc' '-mtune=core2' '-march=nocona' '-dumpdir' 'CMakeFiles/cmTC_873af.dir/'
 D:/VSCode_cpp_compiler/mingw64/bin/../libexec/gcc/x86_64-w64-mingw32/15.2.0/cc1plus.exe -quiet -v -iprefix D:/VSCode_cpp_compiler/mingw64/bin/../lib/gcc/x86_64-w64-mingw32/15.2.0/ -D_REENTRANT /usr/share/cmake-3.22/Modules/CMakeCXXCompilerABI.cpp -quiet -dumpdir CMakeFiles/cmTC_873af.dir/ -dumpbase CMakeCXXCompilerABI.cpp.cpp -dumpbase-ext .cpp -mtune=core2 -march=nocona -version -o C:\Users\li\AppData\Local\Temp\ccR2SvEH.s
GNU C++17 (x86_64-posix-seh-rev1, Built by MinGW-Builds project) version 15.2.0 (x86_64-w64-mingw32)
	compiled by GNU C version 15.2.0, GMP version 6.2.1, MPFR version 4.1.0, MPC version 1.2.1, isl version isl-0.27-GMP

GGC heuristics: --param ggc-min-expand=100 --param ggc-min-heapsize=131072
ignoring duplicate directory "D:/VSCode_cpp_compiler/mingw64/lib/gcc/../../lib/gcc/x86_64-w64-mingw32/15.2.0/include/c++"
ignoring duplicate directory "D:/VSCode_cpp_compiler/mingw64/lib/gcc/../../lib/gcc/x86_64-w64-mingw32/15.2.0/include/c++/x86_64-w64-mingw32"
ignoring duplicate directory "D:/VSCode_cpp_compiler/mingw64/lib/gcc/../../lib/gcc/x86_64-w64-mingw32/15.2.0/include/c++/backward"
ignoring duplicate directory "D:/VSCode_cpp_compiler/mingw64/lib/gcc/../../lib/gcc/x86_64-w64-mingw32/15.2.0/include"
ignoring nonexistent directory "C:/buildroot/x86_64-1520-posix-seh-ucrt-rt_v13-rev1/mingw64D:/a/_temp/msys64/mingw64/lib/gcc/x86_64-w64-mingw32/15.2.0/../../../../include"
ignoring duplicate directory "D:/VSCode_cpp_compiler/mingw64/lib/gcc/../../lib/gcc/x86_64-w64-mingw32/15.2.0/include-fixed"
ignoring duplicate directory "D:/VSCode_cpp_compiler/mingw64/lib/gcc/../../lib/gcc/x86_64-w64-mingw32/15.2.0/../../../../x86_64-w64-mingw32/include"
ignoring nonexistent directory "C:/buildroot/x86_64-1520-posix-seh-ucrt-rt_v13-rev1/mingw64/mingw/include"
#include "..." search starts here:
#include <...> search starts here:
 D:/VSCode_cpp_compiler/mingw64/bin/../lib/gcc/x86_64-w64-mingw32/15.2.0/include/c++
 D:/VSCode_cpp_compiler/mingw64/bin/../lib/gcc/x86_64-w64-mingw32/15.2.0/include/c++/x86_64-w64-mingw32
 D:/VSCode_cpp_compiler/mingw64/bin/../lib/gcc/x86_64-w64-mingw32/15.2.0/include/c++/backward
 D:/VSCode_cpp_compiler/mingw64/bin/../lib/gcc/x86_64-w64-mingw32/15.2.0/include
 D:/VSCode_cpp_compiler/mingw64/bin/../lib/gcc/x86_64-w64-mingw32/15.2.0/include-fixed
 D:/VSCode_cpp_compiler/mingw64/bin/../lib/gcc/x86_64-w64-mingw32/15.2.0/../../../../x86_64-w64-mingw32/include
End of search list.
Compiler executable checksum: fa1f88c66f2ad800e55fef6bb0c2b4b4
COLLECT_GCC_OPTIONS='-v' '-o' 'CMakeFiles/cmTC_873af.dir/CMakeCXXCompilerABI.cpp.o' '-c' '-shared-libgcc' '-mtune=core2' '-march=nocona' '-dumpdir' 'CMakeFiles/cmTC_873af.dir/'
 D:/VSCode_cpp_compiler/mingw64/bin/../lib/gcc/x86_64-w64-mingw32/15.2.0/../../../../x86_64-w64-mingw32/bin/as.exe -v -o CMakeFiles/cmTC_873af.dir/CMakeCXXCompilerABI.cpp.o C:\Users\li\AppData\Local\Temp\ccR2SvEH.s
GNU assembler version 2.46.0 (x86_64-w64-mingw32) using BFD version (GNU Binutils) 2.46.0.20260210
COMPILER_PATH=D:/VSCode_cpp_compiler/mingw64/bin/../libexec/gcc/x86_64-w64-mingw32/15.2.0/;D:/VSCode_cpp_compiler/mingw64/bin/../libexec/gcc/;D:/VSCode_cpp_compiler/mingw64/bin/../lib/gcc/x86_64-w64-mingw32/15.2.0/../../../../x86_64-w64-mingw32/bin/
LIBRARY_PATH=D:/VSCode_cpp_compiler/mingw64/bin/../lib/gcc/x86_64-w64-mingw32/15.2.0/;D:/VSCode_cpp_compiler/mingw64/bin/../lib/gcc/;D:/VSCode_cpp_compiler/mingw64/bin/../lib/gcc/x86_64-w64-mingw32/15.2.0/../../../../x86_64-w64-mingw32/lib/../lib/;D:/VSCode_cpp_compiler/mingw64/bin/../lib/gcc/x86_64-w64-mingw32/15.2.0/../../../../lib/;D:/VSCode_cpp_compiler/mingw64/bin/../lib/gcc/x86_64-w64-mingw32/15.2.0/../../../../x86_64-w64-mingw32/lib/;D:/VSCode_cpp_compiler/mingw64/bin/../lib/gcc/x86_64-w64-mingw32/15.2.0/../../../
COLLECT_GCC_OPTIONS='-v' '-o' 'CMakeFiles/cmTC_873af.dir/CMakeCXXCompilerABI.cpp.o' '-c' '-shared-libgcc' '-mtune=core2' '-march=nocona' '-dumpdir' 'CMakeFiles/cmTC_873af.dir/CMakeCXXCompilerABI.cpp.'
Linking CXX executable cmTC_873af
/usr/bin/cmake -E cmake_link_script CMakeFiles/cmTC_873af.dir/link.txt --verbose=1
/mnt/d/VSCode_cpp_compiler/mingw64/bin/g++.exe  -v CMakeFiles/cmTC_873af.dir/CMakeCXXCompilerABI.cpp.o -o cmTC_873af 
Using built-in specs.
COLLECT_GCC=g++.exe
COLLECT_LTO_WRAPPER=D:/VSCode_cpp_compiler/mingw64/bin/../libexec/gcc/x86_64-w64-mingw32/15.2.0/lto-wrapper.exe
Target: x86_64-w64-mingw32
Configured with: ../../../src/gcc-15.2.0/configure --host=x86_64-w64-mingw32 --build=x86_64-w64-mingw32 --target=x86_64-w64-mingw32 --prefix=/mingw64 --with-sysroot=/c/buildroot/x86_64-1520-posix-seh-ucrt-rt_v13-rev1/mingw64 --enable-host-shared --disable-multilib --enable-languages=c,c++,fortran,lto --enable-libstdcxx-time=yes --enable-threads=posix --enable-libgomp --enable-libatomic --enable-lto --enable-graphite --enable-checking=release --enable-mingw-wildcard --enable-fully-dynamic-string --enable-version-specific-runtime-libs --enable-libstdcxx-filesystem-ts=yes --disable-libssp --disable-libstdcxx-pch --disable-libstdcxx-debug --enable-bootstrap --disable-rpath --disable-win32-registry --disable-nls --disable-werror --disable-symvers --with-gnu-as --with-gnu-ld --with-arch=nocona --with-tune=core2 --with-libiconv --with-system-zlib --with-gmp=/c/buildroot/prerequisites/x86_64-w64-mingw32-static --with-mpfr=/c/buildroot/prerequisites/x86_64-w64-mingw32-static --with-mpc=/c/buildroot/prerequisites/x86_64-w64-mingw32-static --with-isl=/c/buildroot/prerequisites/x86_64-w64-mingw32-static --with-pkgversion='x86_64-posix-seh-rev1, Built by MinGW-Builds project' --with-bugurl=https://github.com/niXman/mingw-builds LD_FOR_TARGET=/c/buildroot/x86_64-1520-posix-seh-ucrt-rt_v13-rev1/mingw64/bin/ld.exe --with-boot-ldflags='-pipe -fno-ident -L/c/buildroot/x86_64-1520-posix-seh-ucrt-rt_v13-rev1/mingw64/opt/lib -L/c/buildroot/prerequisites/x86_64-zlib-static/lib -L/c/buildroot/prerequisites/x86_64-w64-mingw32-static/lib  -Wl,--disable-dynamicbase -static-libstdc++ -static-libgcc'
Thread model: posix
Supported LTO compression algorithms: zlib
gcc version 15.2.0 (x86_64-posix-seh-rev1, Built by MinGW-Builds project) 
COMPILER_PATH=D:/VSCode_cpp_compiler/mingw64/bin/../libexec/gcc/x86_64-w64-mingw32/15.2.0/;D:/VSCode_cpp_compiler/mingw64/bin/../libexec/gcc/;D:/VSCode_cpp_compiler/mingw64/bin/../lib/gcc/x86_64-w64-mingw32/15.2.0/../../../../x86_64-w64-mingw32/bin/
LIBRARY_PATH=D:/VSCode_cpp_compiler/mingw64/bin/../lib/gcc/x86_64-w64-mingw32/15.2.0/;D:/VSCode_cpp_compiler/mingw64/bin/../lib/gcc/;D:/VSCode_cpp_compiler/mingw64/bin/../lib/gcc/x86_64-w64-mingw32/15.2.0/../../../../x86_64-w64-mingw32/lib/../lib/;D:/VSCode_cpp_compiler/mingw64/bin/../lib/gcc/x86_64-w64-mingw32/15.2.0/../../../../lib/;D:/VSCode_cpp_compiler/mingw64/bin/../lib/gcc/x86_64-w64-mingw32/15.2.0/../../../../x86_64-w64-mingw32/lib/;D:/VSCode_cpp_compiler/mingw64/bin/../lib/gcc/x86_64-w64-mingw32/15.2.0/../../../
COLLECT_GCC_OPTIONS='-v' '-o' 'cmTC_873af.exe' '-shared-libgcc' '-mtune=core2' '-march=nocona' '-dumpdir' 'cmTC_873af.'
 D:/VSCode_cpp_compiler/mingw64/bin/../libexec/gcc/x86_64-w64-mingw32/15.2.0/collect2.exe -plugin D:/VSCode_cpp_compiler/mingw64/bin/../libexec/gcc/x86_64-w64-mingw32/15.2.0/liblto_plugin.dll -plugin-opt=D:/VSCode_cpp_compiler/mingw64/bin/../libexec/gcc/x86_64-w64-mingw32/15.2.0/lto-wrapper.exe -plugin-opt=-fresolution=C:\Users\li\AppData\Local\Temp\ccpgDiQR.res -plugin-opt=-pass-through=-lmingw32 -plugin-opt=-pass-through=-lgcc_s -plugin-opt=-pass-through=-lgcc -plugin-opt=-pass-through=-lmingwex -plugin-opt=-pass-through=-lmsvcrt -plugin-opt=-pass-through=-lkernel32 -plugin-opt=-pass-through=-lpthread -plugin-opt=-pass-through=-ladvapi32 -plugin-opt=-pass-through=-lshell32 -plugin-opt=-pass-through=-luser32 -plugin-opt=-pass-through=-lkernel32 -plugin-opt=-pass-through=-liconv -plugin-opt=-pass-through=-lmingw32 -plugin-opt=-pass-through=-lgcc_s -plugin-opt=-pass-through=-lgcc -plugin-opt=-pass-through=-lmingwex -plugin-opt=-pass-through=-lmsvcrt -plugin-opt=-pass-through=-lkernel32 --sysroot=C:/buildroot/x86_64-1520-posix-seh-ucrt-rt_v13-rev1/mingw64 -m i386pep -Bdynamic -o cmTC_873af.exe D:/VSCode_cpp_compiler/mingw64/bin/../lib/gcc/x86_64-w64-mingw32/15.2.0/../../../../x86_64-w64-mingw32/lib/../lib/crt2.o D:/VSCode_cpp_compiler/mingw64/bin/../lib/gcc/x86_64-w64-mingw32/15.2.0/crtbegin.o -LD:/VSCode_cpp_compiler/mingw64/bin/../lib/gcc/x86_64-w64-mingw32/15.2.0 -LD:/VSCode_cpp_compiler/mingw64/bin/../lib/gcc -LD:/VSCode_cpp_compiler/mingw64/bin/../lib/gcc/x86_64-w64-mingw32/15.2.0/../../../../x86_64-w64-mingw32/lib/../lib -LD:/VSCode_cpp_compiler/mingw64/bin/../lib/gcc/x86_64-w64-mingw32/15.2.0/../../../../lib -LD:/VSCode_cpp_compiler/mingw64/bin/../lib/gcc/x86_64-w64-mingw32/15.2.0/../../../../x86_64-w64-mingw32/lib -LD:/VSCode_cpp_compiler/mingw64/bin/../lib/gcc/x86_64-w64-mingw32/15.2.0/../../.. CMakeFiles/cmTC_873af.dir/CMakeCXXCompilerABI.cpp.o -lstdc++ -lmingw32 -lgcc_s -lgcc -lmingwex -lmsvcrt -lkernel32 -lpthread -ladvapi32 -lshell32 -luser32 -lkernel32 -liconv -lmingw32 -lgcc_s -lgcc -lmingwex -lmsvcrt -lkernel32 D:/VSCode_cpp_compiler/mingw64/bin/../lib/gcc/x86_64-w64-mingw32/15.2.0/crtend.o
COLLECT_GCC_OPTIONS='-v' '-o' 'cmTC_873af.exe' '-shared-libgcc' '-mtune=core2' '-march=nocona' '-dumpdir' 'cmTC_873af.'
gmake[1]: Leaving directory '/home/li/myproject/mymuduo/build/CMakeFiles/CMakeTmp'


Cannot copy output executable
  ''
to destination specified by COPY_FILE:
  '/home/li/myproject/mymuduo/build/CMakeFiles/3.22.1/CMakeDetermineCompilerABI_CXX.bin'
Unable to find the executable at any of:
  /home/li/myproject/mymuduo/build/CMakeFiles/CMakeTmp/cmTC_873af
  /home/li/myproject/mymuduo/build/CMakeFiles/CMakeTmp/Debug/cmTC_873af
  /home/li/myproject/mymuduo/build/CMakeFiles/CMakeTmp/Development/cmTC_873af


